<?xml version="1.0" encoding="utf-8"?>
<testsuites><testsuite name="django.contrib.contenttypes.tests.ContentTypesTests"><testcase classname="django.contrib.contenttypes.tests.ContentTypesTests" name="test_get_for_concrete_model" time="0.004283"></testcase><testcase classname="django.contrib.contenttypes.tests.ContentTypesTests" name="test_get_for_concrete_models" time="0.004043"></testcase><testcase classname="django.contrib.contenttypes.tests.ContentTypesTests" name="test_get_for_models_empty_cache" time="0.001113"></testcase><testcase classname="django.contrib.contenttypes.tests.ContentTypesTests" name="test_get_for_models_full_cache" time="0.001219"></testcase><testcase classname="django.contrib.contenttypes.tests.ContentTypesTests" name="test_get_for_models_partial_cache" time="0.001338"></testcase><testcase classname="django.contrib.contenttypes.tests.ContentTypesTests" name="test_lookup_cache" time="0.001982"></testcase><testcase classname="django.contrib.contenttypes.tests.ContentTypesTests" name="test_missing_model" time="0.000805"></testcase><testcase classname="django.contrib.contenttypes.tests.ContentTypesTests" name="test_shortcut_view" time="0.003457"></testcase><testcase classname="django.contrib.contenttypes.tests.ContentTypesTests" name="test_shortcut_view_with_broken_get_absolute_url" time="0.002211"></testcase><testcase classname="django.contrib.contenttypes.tests.ContentTypesTests" name="test_shortcut_view_without_get_absolute_url" time="0.001836"></testcase></testsuite><testsuite name="django.contrib.sessions.tests.CacheDBSessionTests"><testcase classname="django.contrib.sessions.tests.CacheDBSessionTests" name="test_actual_expiry" time="0.006426"></testcase><testcase classname="django.contrib.sessions.tests.CacheDBSessionTests" name="test_clear" time="0.000124"></testcase><testcase classname="django.contrib.sessions.tests.CacheDBSessionTests" name="test_custom_expiry_datetime" time="0.000109"></testcase><testcase classname="django.contrib.sessions.tests.CacheDBSessionTests" name="test_custom_expiry_reset" time="0.000100"></testcase><testcase classname="django.contrib.sessions.tests.CacheDBSessionTests" name="test_custom_expiry_seconds" time="0.000100"></testcase><testcase classname="django.contrib.sessions.tests.CacheDBSessionTests" name="test_custom_expiry_timedelta" time="0.000097"></testcase><testcase classname="django.contrib.sessions.tests.CacheDBSessionTests" name="test_cycle" time="0.004313"></testcase><testcase classname="django.contrib.sessions.tests.CacheDBSessionTests" name="test_decode" time="0.000301"></testcase><testcase classname="django.contrib.sessions.tests.CacheDBSessionTests" name="test_decode_failure_logged_to_security" time="0.000169"></testcase><testcase classname="django.contrib.sessions.tests.CacheDBSessionTests" name="test_default_expiry" time="0.000108"></testcase><testcase classname="django.contrib.sessions.tests.CacheDBSessionTests" name="test_delete" time="0.004875"></testcase><testcase classname="django.contrib.sessions.tests.CacheDBSessionTests" name="test_exists_searches_cache_first" time="0.004882"></testcase><testcase classname="django.contrib.sessions.tests.CacheDBSessionTests" name="test_flush" time="0.004498"></testcase><testcase classname="django.contrib.sessions.tests.CacheDBSessionTests" name="test_get_empty" time="0.000078"></testcase><testcase classname="django.contrib.sessions.tests.CacheDBSessionTests" name="test_get_expire_at_browser_close" time="0.000255"></testcase><testcase classname="django.contrib.sessions.tests.CacheDBSessionTests" name="test_has_key" time="0.000069"></testcase><testcase classname="django.contrib.sessions.tests.CacheDBSessionTests" name="test_invalid_key" time="0.003988"></testcase><testcase classname="django.contrib.sessions.tests.CacheDBSessionTests" name="test_iteritems" time="0.000116"></testcase><testcase classname="django.contrib.sessions.tests.CacheDBSessionTests" name="test_iterkeys" time="0.000089"></testcase><testcase classname="django.contrib.sessions.tests.CacheDBSessionTests" name="test_itervalues" time="0.000089"></testcase><testcase classname="django.contrib.sessions.tests.CacheDBSessionTests" name="test_load_overlong_key" time="0.002920"></testcase><testcase classname="django.contrib.sessions.tests.CacheDBSessionTests" name="test_new_session" time="0.000118"></testcase><testcase classname="django.contrib.sessions.tests.CacheDBSessionTests" name="test_pop" time="0.000082"></testcase><testcase classname="django.contrib.sessions.tests.CacheDBSessionTests" name="test_pop_default" time="0.000068"></testcase><testcase classname="django.contrib.sessions.tests.CacheDBSessionTests" name="test_save" time="0.003953"></testcase><testcase classname="django.contrib.sessions.tests.CacheDBSessionTests" name="test_session_key_is_read_only" time="0.000660"></testcase><testcase classname="django.contrib.sessions.tests.CacheDBSessionTests" name="test_setdefault" time="0.000079"></testcase><testcase classname="django.contrib.sessions.tests.CacheDBSessionTests" name="test_store" time="0.000068"></testcase><testcase classname="django.contrib.sessions.tests.CacheDBSessionTests" name="test_update" time="0.000070"></testcase><testcase classname="django.contrib.sessions.tests.CacheDBSessionTests" name="test_values" time="0.000080"></testcase></testsuite><testsuite name="django.contrib.sessions.tests.CacheDBSessionWithTimeZoneTests"><testcase classname="django.contrib.sessions.tests.CacheDBSessionWithTimeZoneTests" name="test_actual_expiry" time="0.004973"></testcase><testcase classname="django.contrib.sessions.tests.CacheDBSessionWithTimeZoneTests" name="test_clear" time="0.000099"></testcase><testcase classname="django.contrib.sessions.tests.CacheDBSessionWithTimeZoneTests" name="test_custom_expiry_datetime" time="0.000104"></testcase><testcase classname="django.contrib.sessions.tests.CacheDBSessionWithTimeZoneTests" name="test_custom_expiry_reset" time="0.000098"></testcase><testcase classname="django.contrib.sessions.tests.CacheDBSessionWithTimeZoneTests" name="test_custom_expiry_seconds" time="0.000095"></testcase><testcase classname="django.contrib.sessions.tests.CacheDBSessionWithTimeZoneTests" name="test_custom_expiry_timedelta" time="0.000098"></testcase><testcase classname="django.contrib.sessions.tests.CacheDBSessionWithTimeZoneTests" name="test_cycle" time="0.004163"></testcase><testcase classname="django.contrib.sessions.tests.CacheDBSessionWithTimeZoneTests" name="test_decode" time="0.000272"></testcase><testcase classname="django.contrib.sessions.tests.CacheDBSessionWithTimeZoneTests" name="test_decode_failure_logged_to_security" time="0.000167"></testcase><testcase classname="django.contrib.sessions.tests.CacheDBSessionWithTimeZoneTests" name="test_default_expiry" time="0.000117"></testcase><testcase classname="django.contrib.sessions.tests.CacheDBSessionWithTimeZoneTests" name="test_delete" time="0.005001"></testcase><testcase classname="django.contrib.sessions.tests.CacheDBSessionWithTimeZoneTests" name="test_exists_searches_cache_first" time="0.003933"></testcase><testcase classname="django.contrib.sessions.tests.CacheDBSessionWithTimeZoneTests" name="test_flush" time="0.004358"></testcase><testcase classname="django.contrib.sessions.tests.CacheDBSessionWithTimeZoneTests" name="test_get_empty" time="0.000078"></testcase><testcase classname="django.contrib.sessions.tests.CacheDBSessionWithTimeZoneTests" name="test_get_expire_at_browser_close" time="0.000235"></testcase><testcase classname="django.contrib.sessions.tests.CacheDBSessionWithTimeZoneTests" name="test_has_key" time="0.000071"></testcase><testcase classname="django.contrib.sessions.tests.CacheDBSessionWithTimeZoneTests" name="test_invalid_key" time="0.004035"></testcase><testcase classname="django.contrib.sessions.tests.CacheDBSessionWithTimeZoneTests" name="test_iteritems" time="0.000109"></testcase><testcase classname="django.contrib.sessions.tests.CacheDBSessionWithTimeZoneTests" name="test_iterkeys" time="0.000085"></testcase><testcase classname="django.contrib.sessions.tests.CacheDBSessionWithTimeZoneTests" name="test_itervalues" time="0.000082"></testcase><testcase classname="django.contrib.sessions.tests.CacheDBSessionWithTimeZoneTests" name="test_load_overlong_key" time="0.002872"></testcase><testcase classname="django.contrib.sessions.tests.CacheDBSessionWithTimeZoneTests" name="test_new_session" time="0.000067"></testcase><testcase classname="django.contrib.sessions.tests.CacheDBSessionWithTimeZoneTests" name="test_pop" time="0.000080"></testcase><testcase classname="django.contrib.sessions.tests.CacheDBSessionWithTimeZoneTests" name="test_pop_default" time="0.000069"></testcase><testcase classname="django.contrib.sessions.tests.CacheDBSessionWithTimeZoneTests" name="test_save" time="0.003962"></testcase><testcase classname="django.contrib.sessions.tests.CacheDBSessionWithTimeZoneTests" name="test_session_key_is_read_only" time="0.000707"></testcase><testcase classname="django.contrib.sessions.tests.CacheDBSessionWithTimeZoneTests" name="test_setdefault" time="0.000083"></testcase><testcase classname="django.contrib.sessions.tests.CacheDBSessionWithTimeZoneTests" name="test_store" time="0.000072"></testcase><testcase classname="django.contrib.sessions.tests.CacheDBSessionWithTimeZoneTests" name="test_update" time="0.000071"></testcase><testcase classname="django.contrib.sessions.tests.CacheDBSessionWithTimeZoneTests" name="test_values" time="0.000083"></testcase></testsuite><testsuite name="django.contrib.sessions.tests.CookieSessionTests"><testcase classname="django.contrib.sessions.tests.CookieSessionTests" name="test_actual_expiry" time="0.000791"></testcase><testcase classname="django.contrib.sessions.tests.CookieSessionTests" name="test_clear" time="0.000085"></testcase><testcase classname="django.contrib.sessions.tests.CookieSessionTests" name="test_custom_expiry_datetime" time="0.000096"></testcase><testcase classname="django.contrib.sessions.tests.CookieSessionTests" name="test_custom_expiry_reset" time="0.000087"></testcase><testcase classname="django.contrib.sessions.tests.CookieSessionTests" name="test_custom_expiry_seconds" time="0.000087"></testcase><testcase classname="django.contrib.sessions.tests.CookieSessionTests" name="test_custom_expiry_timedelta" time="0.000091"></testcase><testcase classname="django.contrib.sessions.tests.CookieSessionTests" name="test_cycle" time="0.000046"></testcase><testcase classname="django.contrib.sessions.tests.CookieSessionTests" name="test_decode" time="0.000187"></testcase><testcase classname="django.contrib.sessions.tests.CookieSessionTests" name="test_decode_failure_logged_to_security" time="0.000165"></testcase><testcase classname="django.contrib.sessions.tests.CookieSessionTests" name="test_default_expiry" time="0.000098"></testcase><testcase classname="django.contrib.sessions.tests.CookieSessionTests" name="test_delete" time="0.000188"></testcase><testcase classname="django.contrib.sessions.tests.CookieSessionTests" name="test_flush" time="0.000187"></testcase><testcase classname="django.contrib.sessions.tests.CookieSessionTests" name="test_get_empty" time="0.000062"></testcase><testcase classname="django.contrib.sessions.tests.CookieSessionTests" name="test_get_expire_at_browser_close" time="0.000245"></testcase><testcase classname="django.contrib.sessions.tests.CookieSessionTests" name="test_has_key" time="0.000064"></testcase><testcase classname="django.contrib.sessions.tests.CookieSessionTests" name="test_invalid_key" time="0.000300"></testcase><testcase classname="django.contrib.sessions.tests.CookieSessionTests" name="test_iteritems" time="0.000079"></testcase><testcase classname="django.contrib.sessions.tests.CookieSessionTests" name="test_iterkeys" time="0.000076"></testcase><testcase classname="django.contrib.sessions.tests.CookieSessionTests" name="test_itervalues" time="0.000075"></testcase><testcase classname="django.contrib.sessions.tests.CookieSessionTests" name="test_new_session" time="0.000050"></testcase><testcase classname="django.contrib.sessions.tests.CookieSessionTests" name="test_pop" time="0.000117"></testcase><testcase classname="django.contrib.sessions.tests.CookieSessionTests" name="test_pop_default" time="0.000066"></testcase><testcase classname="django.contrib.sessions.tests.CookieSessionTests" name="test_save" time="0.000064"></testcase><testcase classname="django.contrib.sessions.tests.CookieSessionTests" name="test_session_key_is_read_only" time="0.000241"></testcase><testcase classname="django.contrib.sessions.tests.CookieSessionTests" name="test_setdefault" time="0.000073"></testcase><testcase classname="django.contrib.sessions.tests.CookieSessionTests" name="test_store" time="0.000068"></testcase><testcase classname="django.contrib.sessions.tests.CookieSessionTests" name="test_update" time="0.000067"></testcase><testcase classname="django.contrib.sessions.tests.CookieSessionTests" name="test_values" time="0.000076"></testcase></testsuite><testsuite name="django.contrib.sessions.tests.DatabaseSessionTests"><testcase classname="django.contrib.sessions.tests.DatabaseSessionTests" name="test_actual_expiry" time="0.004630"></testcase><testcase classname="django.contrib.sessions.tests.DatabaseSessionTests" name="test_clear" time="0.000094"></testcase><testcase classname="django.contrib.sessions.tests.DatabaseSessionTests" name="test_clearsessions_command" time="0.006337"></testcase><testcase classname="django.contrib.sessions.tests.DatabaseSessionTests" name="test_custom_expiry_datetime" time="0.000119"></testcase><testcase classname="django.contrib.sessions.tests.DatabaseSessionTests" name="test_custom_expiry_reset" time="0.000092"></testcase><testcase classname="django.contrib.sessions.tests.DatabaseSessionTests" name="test_custom_expiry_seconds" time="0.000090"></testcase><testcase classname="django.contrib.sessions.tests.DatabaseSessionTests" name="test_custom_expiry_timedelta" time="0.000092"></testcase><testcase classname="django.contrib.sessions.tests.DatabaseSessionTests" name="test_cycle" time="0.003854"></testcase><testcase classname="django.contrib.sessions.tests.DatabaseSessionTests" name="test_decode" time="0.000284"></testcase><testcase classname="django.contrib.sessions.tests.DatabaseSessionTests" name="test_decode_failure_logged_to_security" time="0.000166"></testcase><testcase classname="django.contrib.sessions.tests.DatabaseSessionTests" name="test_default_expiry" time="0.000107"></testcase><testcase classname="django.contrib.sessions.tests.DatabaseSessionTests" name="test_delete" time="0.004223"></testcase><testcase classname="django.contrib.sessions.tests.DatabaseSessionTests" name="test_flush" time="0.003860"></testcase><testcase classname="django.contrib.sessions.tests.DatabaseSessionTests" name="test_get_empty" time="0.000118"></testcase><testcase classname="django.contrib.sessions.tests.DatabaseSessionTests" name="test_get_expire_at_browser_close" time="0.000349"></testcase><testcase classname="django.contrib.sessions.tests.DatabaseSessionTests" name="test_has_key" time="0.000070"></testcase><testcase classname="django.contrib.sessions.tests.DatabaseSessionTests" name="test_invalid_key" time="0.003805"></testcase><testcase classname="django.contrib.sessions.tests.DatabaseSessionTests" name="test_iteritems" time="0.000089"></testcase><testcase classname="django.contrib.sessions.tests.DatabaseSessionTests" name="test_iterkeys" time="0.000075"></testcase><testcase classname="django.contrib.sessions.tests.DatabaseSessionTests" name="test_itervalues" time="0.000075"></testcase><testcase classname="django.contrib.sessions.tests.DatabaseSessionTests" name="test_new_session" time="0.000050"></testcase><testcase classname="django.contrib.sessions.tests.DatabaseSessionTests" name="test_pop" time="0.000070"></testcase><testcase classname="django.contrib.sessions.tests.DatabaseSessionTests" name="test_pop_default" time="0.000060"></testcase><testcase classname="django.contrib.sessions.tests.DatabaseSessionTests" name="test_save" time="0.003722"></testcase><testcase classname="django.contrib.sessions.tests.DatabaseSessionTests" name="test_session_get_decoded" time="0.002726"></testcase><testcase classname="django.contrib.sessions.tests.DatabaseSessionTests" name="test_session_key_is_read_only" time="0.000642"></testcase><testcase classname="django.contrib.sessions.tests.DatabaseSessionTests" name="test_sessionmanager_save" time="0.003611"></testcase><testcase classname="django.contrib.sessions.tests.DatabaseSessionTests" name="test_setdefault" time="0.000081"></testcase><testcase classname="django.contrib.sessions.tests.DatabaseSessionTests" name="test_store" time="0.000066"></testcase><testcase classname="django.contrib.sessions.tests.DatabaseSessionTests" name="test_update" time="0.000065"></testcase><testcase classname="django.contrib.sessions.tests.DatabaseSessionTests" name="test_values" time="0.000076"></testcase></testsuite><testsuite name="django.contrib.sessions.tests.DatabaseSessionWithTimeZoneTests"><testcase classname="django.contrib.sessions.tests.DatabaseSessionWithTimeZoneTests" name="test_actual_expiry" time="0.004570"></testcase><testcase classname="django.contrib.sessions.tests.DatabaseSessionWithTimeZoneTests" name="test_clear" time="0.000095"></testcase><testcase classname="django.contrib.sessions.tests.DatabaseSessionWithTimeZoneTests" name="test_clearsessions_command" time="0.005525"></testcase><testcase classname="django.contrib.sessions.tests.DatabaseSessionWithTimeZoneTests" name="test_custom_expiry_datetime" time="0.000128"></testcase><testcase classname="django.contrib.sessions.tests.DatabaseSessionWithTimeZoneTests" name="test_custom_expiry_reset" time="0.000100"></testcase><testcase classname="django.contrib.sessions.tests.DatabaseSessionWithTimeZoneTests" name="test_custom_expiry_seconds" time="0.000096"></testcase><testcase classname="django.contrib.sessions.tests.DatabaseSessionWithTimeZoneTests" name="test_custom_expiry_timedelta" time="0.000096"></testcase><testcase classname="django.contrib.sessions.tests.DatabaseSessionWithTimeZoneTests" name="test_cycle" time="0.003720"></testcase><testcase classname="django.contrib.sessions.tests.DatabaseSessionWithTimeZoneTests" name="test_decode" time="0.000216"></testcase><testcase classname="django.contrib.sessions.tests.DatabaseSessionWithTimeZoneTests" name="test_decode_failure_logged_to_security" time="0.000159"></testcase><testcase classname="django.contrib.sessions.tests.DatabaseSessionWithTimeZoneTests" name="test_default_expiry" time="0.000106"></testcase><testcase classname="django.contrib.sessions.tests.DatabaseSessionWithTimeZoneTests" name="test_delete" time="0.004315"></testcase><testcase classname="django.contrib.sessions.tests.DatabaseSessionWithTimeZoneTests" name="test_flush" time="0.003880"></testcase><testcase classname="django.contrib.sessions.tests.DatabaseSessionWithTimeZoneTests" name="test_get_empty" time="0.000075"></testcase><testcase classname="django.contrib.sessions.tests.DatabaseSessionWithTimeZoneTests" name="test_get_expire_at_browser_close" time="0.000230"></testcase><testcase classname="django.contrib.sessions.tests.DatabaseSessionWithTimeZoneTests" name="test_has_key" time="0.000067"></testcase><testcase classname="django.contrib.sessions.tests.DatabaseSessionWithTimeZoneTests" name="test_invalid_key" time="0.003560"></testcase><testcase classname="django.contrib.sessions.tests.DatabaseSessionWithTimeZoneTests" name="test_iteritems" time="0.000115"></testcase><testcase classname="django.contrib.sessions.tests.DatabaseSessionWithTimeZoneTests" name="test_iterkeys" time="0.000082"></testcase><testcase classname="django.contrib.sessions.tests.DatabaseSessionWithTimeZoneTests" name="test_itervalues" time="0.000077"></testcase><testcase classname="django.contrib.sessions.tests.DatabaseSessionWithTimeZoneTests" name="test_new_session" time="0.000052"></testcase><testcase classname="django.contrib.sessions.tests.DatabaseSessionWithTimeZoneTests" name="test_pop" time="0.000081"></testcase><testcase classname="django.contrib.sessions.tests.DatabaseSessionWithTimeZoneTests" name="test_pop_default" time="0.000065"></testcase><testcase classname="django.contrib.sessions.tests.DatabaseSessionWithTimeZoneTests" name="test_save" time="0.003935"></testcase><testcase classname="django.contrib.sessions.tests.DatabaseSessionWithTimeZoneTests" name="test_session_get_decoded" time="0.002550"></testcase><testcase classname="django.contrib.sessions.tests.DatabaseSessionWithTimeZoneTests" name="test_session_key_is_read_only" time="0.000609"></testcase><testcase classname="django.contrib.sessions.tests.DatabaseSessionWithTimeZoneTests" name="test_sessionmanager_save" time="0.003578"></testcase><testcase classname="django.contrib.sessions.tests.DatabaseSessionWithTimeZoneTests" name="test_setdefault" time="0.000080"></testcase><testcase classname="django.contrib.sessions.tests.DatabaseSessionWithTimeZoneTests" name="test_store" time="0.000073"></testcase><testcase classname="django.contrib.sessions.tests.DatabaseSessionWithTimeZoneTests" name="test_update" time="0.000070"></testcase><testcase classname="django.contrib.sessions.tests.DatabaseSessionWithTimeZoneTests" name="test_values" time="0.000079"></testcase></testsuite><testsuite name="django_jenkins.tests.SanityCheckTest"><testcase classname="django_jenkins.tests.SanityCheckTest" name="test_is_ok" time="0.000036"></testcase></testsuite><testsuite name="django.contrib.sessions.tests.CacheSessionTests"><testcase classname="django.contrib.sessions.tests.CacheSessionTests" name="test_actual_expiry" time="0.001368"></testcase><testcase classname="django.contrib.sessions.tests.CacheSessionTests" name="test_clear" time="0.000183"></testcase><testcase classname="django.contrib.sessions.tests.CacheSessionTests" name="test_custom_expiry_datetime" time="0.000268"></testcase><testcase classname="django.contrib.sessions.tests.CacheSessionTests" name="test_custom_expiry_reset" time="0.000183"></testcase><testcase classname="django.contrib.sessions.tests.CacheSessionTests" name="test_custom_expiry_seconds" time="0.000269"></testcase><testcase classname="django.contrib.sessions.tests.CacheSessionTests" name="test_custom_expiry_timedelta" time="0.000193"></testcase><testcase classname="django.contrib.sessions.tests.CacheSessionTests" name="test_cycle" time="0.000828"></testcase><testcase classname="django.contrib.sessions.tests.CacheSessionTests" name="test_decode" time="0.000318"></testcase><testcase classname="django.contrib.sessions.tests.CacheSessionTests" name="test_decode_failure_logged_to_security" time="0.000248"></testcase><testcase classname="django.contrib.sessions.tests.CacheSessionTests" name="test_default_cache" time="0.000995"></testcase><testcase classname="django.contrib.sessions.tests.CacheSessionTests" name="test_default_expiry" time="0.000185"></testcase><testcase classname="django.contrib.sessions.tests.CacheSessionTests" name="test_delete" time="0.000889"></testcase><testcase classname="django.contrib.sessions.tests.CacheSessionTests" name="test_flush" time="0.000837"></testcase><testcase classname="django.contrib.sessions.tests.CacheSessionTests" name="test_get_empty" time="0.000159"></testcase><testcase classname="django.contrib.sessions.tests.CacheSessionTests" name="test_get_expire_at_browser_close" time="0.000334"></testcase><testcase classname="django.contrib.sessions.tests.CacheSessionTests" name="test_has_key" time="0.000160"></testcase><testcase classname="django.contrib.sessions.tests.CacheSessionTests" name="test_invalid_key" time="0.000797"></testcase><testcase classname="django.contrib.sessions.tests.CacheSessionTests" name="test_iteritems" time="0.000173"></testcase><testcase classname="django.contrib.sessions.tests.CacheSessionTests" name="test_iterkeys" time="0.000170"></testcase><testcase classname="django.contrib.sessions.tests.CacheSessionTests" name="test_itervalues" time="0.000162"></testcase><testcase classname="django.contrib.sessions.tests.CacheSessionTests" name="test_load_overlong_key" time="0.000841"></testcase><testcase classname="django.contrib.sessions.tests.CacheSessionTests" name="test_new_session" time="0.000145"></testcase><testcase classname="django.contrib.sessions.tests.CacheSessionTests" name="test_non_default_cache" time="0.001597"></testcase><testcase classname="django.contrib.sessions.tests.CacheSessionTests" name="test_pop" time="0.000161"></testcase><testcase classname="django.contrib.sessions.tests.CacheSessionTests" name="test_pop_default" time="0.000150"></testcase><testcase classname="django.contrib.sessions.tests.CacheSessionTests" name="test_save" time="0.000852"></testcase><testcase classname="django.contrib.sessions.tests.CacheSessionTests" name="test_session_key_is_read_only" time="0.000366"></testcase><testcase classname="django.contrib.sessions.tests.CacheSessionTests" name="test_setdefault" time="0.000169"></testcase><testcase classname="django.contrib.sessions.tests.CacheSessionTests" name="test_store" time="0.000159"></testcase><testcase classname="django.contrib.sessions.tests.CacheSessionTests" name="test_update" time="0.000157"></testcase><testcase classname="django.contrib.sessions.tests.CacheSessionTests" name="test_values" time="0.000167"></testcase></testsuite><testsuite name="django.contrib.sessions.tests.FileSessionTests"><testcase classname="django.contrib.sessions.tests.FileSessionTests" name="test_actual_expiry" time="0.020881"></testcase><testcase classname="django.contrib.sessions.tests.FileSessionTests" name="test_clear" time="0.000263"></testcase><testcase classname="django.contrib.sessions.tests.FileSessionTests" name="test_clearsessions_command" time="0.003124"></testcase><testcase classname="django.contrib.sessions.tests.FileSessionTests" name="test_configuration_check" time="0.000330"></testcase><testcase classname="django.contrib.sessions.tests.FileSessionTests" name="test_custom_expiry_datetime" time="0.000254"></testcase><testcase classname="django.contrib.sessions.tests.FileSessionTests" name="test_custom_expiry_reset" time="0.000227"></testcase><testcase classname="django.contrib.sessions.tests.FileSessionTests" name="test_custom_expiry_seconds" time="0.000222"></testcase><testcase classname="django.contrib.sessions.tests.FileSessionTests" name="test_custom_expiry_timedelta" time="0.000332"></testcase><testcase classname="django.contrib.sessions.tests.FileSessionTests" name="test_cycle" time="0.001436"></testcase><testcase classname="django.contrib.sessions.tests.FileSessionTests" name="test_decode" time="0.000353"></testcase><testcase classname="django.contrib.sessions.tests.FileSessionTests" name="test_decode_failure_logged_to_security" time="0.000303"></testcase><testcase classname="django.contrib.sessions.tests.FileSessionTests" name="test_default_expiry" time="0.000239"></testcase><testcase classname="django.contrib.sessions.tests.FileSessionTests" name="test_delete" time="0.001067"></testcase><testcase classname="django.contrib.sessions.tests.FileSessionTests" name="test_flush" time="0.003011"></testcase><testcase classname="django.contrib.sessions.tests.FileSessionTests" name="test_get_empty" time="0.000258"></testcase><testcase classname="django.contrib.sessions.tests.FileSessionTests" name="test_get_expire_at_browser_close" time="0.000440"></testcase><testcase classname="django.contrib.sessions.tests.FileSessionTests" name="test_has_key" time="0.000222"></testcase><testcase classname="django.contrib.sessions.tests.FileSessionTests" name="test_invalid_key" time="0.001577"></testcase><testcase classname="django.contrib.sessions.tests.FileSessionTests" name="test_invalid_key_backslash" time="0.000226"></testcase><testcase classname="django.contrib.sessions.tests.FileSessionTests" name="test_invalid_key_forwardslash" time="0.000204"></testcase><testcase classname="django.contrib.sessions.tests.FileSessionTests" name="test_iteritems" time="0.000203"></testcase><testcase classname="django.contrib.sessions.tests.FileSessionTests" name="test_iterkeys" time="0.000201"></testcase><testcase classname="django.contrib.sessions.tests.FileSessionTests" name="test_itervalues" time="0.000208"></testcase><testcase classname="django.contrib.sessions.tests.FileSessionTests" name="test_new_session" time="0.000173"></testcase><testcase classname="django.contrib.sessions.tests.FileSessionTests" name="test_pop" time="0.000217"></testcase><testcase classname="django.contrib.sessions.tests.FileSessionTests" name="test_pop_default" time="0.000216"></testcase><testcase classname="django.contrib.sessions.tests.FileSessionTests" name="test_save" time="0.000736"></testcase><testcase classname="django.contrib.sessions.tests.FileSessionTests" name="test_session_key_is_read_only" time="0.000364"></testcase><testcase classname="django.contrib.sessions.tests.FileSessionTests" name="test_setdefault" time="0.000166"></testcase><testcase classname="django.contrib.sessions.tests.FileSessionTests" name="test_store" time="0.000160"></testcase><testcase classname="django.contrib.sessions.tests.FileSessionTests" name="test_update" time="0.000157"></testcase><testcase classname="django.contrib.sessions.tests.FileSessionTests" name="test_values" time="0.000174"></testcase></testsuite><testsuite name="django.contrib.sessions.tests.SessionMiddlewareTests"><testcase classname="django.contrib.sessions.tests.SessionMiddlewareTests" name="test_httponly_session_cookie" time="0.002290"></testcase><testcase classname="django.contrib.sessions.tests.SessionMiddlewareTests" name="test_no_httponly_session_cookie" time="0.001733"></testcase><testcase classname="django.contrib.sessions.tests.SessionMiddlewareTests" name="test_secure_session_cookie" time="0.001669"></testcase><testcase classname="django.contrib.sessions.tests.SessionMiddlewareTests" name="test_session_save_on_500" time="0.001809"></testcase></testsuite></testsuites>